Query window: 2026-03-13 to 2026-05-12

=== Midtown (Dealer 210705) ===
✓ Set dealer context: 210705 - Freshly Baked NYC - Midtown
Found 4 pending orders
  Analyzing order 132034...
  Analyzing order 131845...
jq: invalid JSON text passed to --argjson
Use jq --help for help with command-line options,
or see the jq manpage, or online docs  at https://jqlang.org
  Analyzing order 101615...
jq: invalid JSON text passed to --argjson
Use jq --help for help with command-line options,
or see the jq manpage, or online docs  at https://jqlang.org
  Analyzing order 101578...
jq: invalid JSON text passed to --argjson
Use jq --help for help with command-line options,
or see the jq manpage, or online docs  at https://jqlang.org

=== Bronx (Dealer 210249) ===
✓ Set dealer context: 210249 - Freshly Baked NYC - The Bronx
Found 1 pending orders
  Analyzing order 131642...
jq: invalid JSON text passed to --argjson
Use jq --help for help with command-line options,
or see the jq manpage, or online docs  at https://jqlang.org

jq: error (at <stdin>:1): Cannot iterate over null (null)
